App.tsx(21,10): error TS2305: Module '"./src/screens/GastosScreen"' has no exported member 'GastosScreen'.
src/components/Icon.tsx(13,49): error TS2304: Cannot find name 'colors'.
src/components/ProgressBar.tsx(11,61): error TS2304: Cannot find name 'colors'.
src/screens/GastosScreen.tsx(274,20): error TS2552: Cannot find name 'dialogStyles'. Did you mean 'getDialogStyles'?
src/screens/GastosScreen.tsx(275,22): error TS2552: Cannot find name 'dialogStyles'. Did you mean 'getDialogStyles'?
src/screens/GastosScreen.tsx(276,24): error TS2552: Cannot find name 'dialogStyles'. Did you mean 'getDialogStyles'?
src/screens/GastosScreen.tsx(277,24): error TS2552: Cannot find name 'dialogStyles'. Did you mean 'getDialogStyles'?
src/screens/GastosScreen.tsx(278,24): error TS2552: Cannot find name 'dialogStyles'. Did you mean 'getDialogStyles'?
src/screens/GastosScreen.tsx(283,35): error TS2304: Cannot find name 'colors'.
src/screens/GastosScreen.tsx(284,20): error TS2552: Cannot find name 'dialogStyles'. Did you mean 'getDialogStyles'?
src/screens/GastosScreen.tsx(287,24): error TS2552: Cannot find name 'dialogStyles'. Did you mean 'getDialogStyles'?
src/screens/GastosScreen.tsx(288,74): error TS2304: Cannot find name 'dialogStyles'.
src/screens/GastosScreen.tsx(289,28): error TS2304: Cannot find name 'dialogStyles'.
src/screens/GastosScreen.tsx(292,24): error TS2304: Cannot find name 'dialogStyles'.
src/screens/GastosScreen.tsx(297,35): error TS2304: Cannot find name 'colors'.
src/screens/GastosScreen.tsx(298,20): error TS2304: Cannot find name 'dialogStyles'.
src/screens/GastosScreen.tsx(300,24): error TS2304: Cannot find name 'dialogStyles'.
src/screens/GastosScreen.tsx(301,38): error TS2304: Cannot find name 'dialogStyles'.
src/screens/GastosScreen.tsx(302,28): error TS2304: Cannot find name 'dialogStyles'.
src/screens/GastosScreen.tsx(304,38): error TS2304: Cannot find name 'dialogStyles'.
src/screens/GastosScreen.tsx(305,28): error TS2304: Cannot find name 'dialogStyles'.
src/screens/MaisScreen.tsx(195,28): error TS2304: Cannot find name 'styles'.
src/screens/MaisScreen.tsx(196,22): error TS2304: Cannot find name 'styles'.
src/screens/MaisScreen.tsx(197,60): error TS2304: Cannot find name 'styles'.
src/screens/MaisScreen.tsx(198,24): error TS2304: Cannot find name 'styles'.
src/screens/MaisScreen.tsx(200,27): error TS2304: Cannot find name 'styles'.
src/screens/MaisScreen.tsx(203,44): error TS2304: Cannot find name 'styles'.
src/screens/MaisScreen.tsx(204,24): error TS2304: Cannot find name 'styles'.
src/screens/MaisScreen.tsx(205,50): error TS2304: Cannot find name 'colors'.
src/screens/MaisScreen.tsx(207,28): error TS2304: Cannot find name 'styles'.
src/screens/MaisScreen.tsx(208,28): error TS2304: Cannot find name 'styles'.
src/screens/MaisScreen.tsx(214,24): error TS2304: Cannot find name 'styles'.
src/screens/MaisScreen.tsx(219,21): error TS2304: Cannot find name 'styles'.
src/screens/MaisScreen.tsx(219,35): error TS2304: Cannot find name 'styles'.
src/screens/MaisScreen.tsx(223,24): error TS2304: Cannot find name 'styles'.
src/screens/MaisScreen.tsx(224,24): error TS2304: Cannot find name 'styles'.
src/screens/MaisScreen.tsx(226,23): error TS2304: Cannot find name 'styles'.
src/screens/MaisScreen.tsx(226,63): error TS2304: Cannot find name 'styles'.
src/screens/MaisScreen.tsx(233,60): error TS2304: Cannot find name 'colors'.
src/screens/MaisScreen.tsx(235,29): error TS2304: Cannot find name 'styles'.
src/screens/MaisScreen.tsx(240,23): error TS2304: Cannot find name 'styles'.
src/screens/MaisScreen.tsx(240,68): error TS2304: Cannot find name 'styles'.
src/screens/MaisScreen.tsx(247,65): error TS2304: Cannot find name 'colors'.
src/screens/MaisScreen.tsx(249,29): error TS2304: Cannot find name 'styles'.
src/screens/MaisScreen.tsx(255,24): error TS2304: Cannot find name 'styles'.
src/screens/MaisScreen.tsx(257,23): error TS2304: Cannot find name 'styles'.
src/screens/MaisScreen.tsx(257,54): error TS2304: Cannot find name 'styles'.
src/screens/MaisScreen.tsx(261,29): error TS2304: Cannot find name 'styles'.
src/screens/MaisScreen.tsx(261,70): error TS2304: Cannot find name 'colors'.
src/screens/MaisScreen.tsx(264,23): error TS2304: Cannot find name 'styles'.
src/screens/MaisScreen.tsx(264,53): error TS2304: Cannot find name 'styles'.
src/screens/MaisScreen.tsx(268,29): error TS2304: Cannot find name 'styles'.
src/screens/MaisScreen.tsx(268,69): error TS2304: Cannot find name 'colors'.
src/screens/MaisScreen.tsx(277,35): error TS2304: Cannot find name 'colors'.
src/screens/MaisScreen.tsx(278,21): error TS2304: Cannot find name 'styles'.
src/screens/MaisScreen.tsx(281,24): error TS2304: Cannot find name 'styles'.
src/screens/MaisScreen.tsx(282,26): error TS2304: Cannot find name 'styles'.
src/screens/MaisScreen.tsx(283,26): error TS2304: Cannot find name 'styles'.
src/screens/MaisScreen.tsx(287,28): error TS2304: Cannot find name 'styles'.
src/screens/MaisScreen.tsx(297,24): error TS2304: Cannot find name 'styles'.
src/screens/MaisScreen.tsx(319,28): error TS2304: Cannot find name 'styles'.
src/screens/MaisScreen.tsx(320,22): error TS2304: Cannot find name 'styles'.
src/screens/MaisScreen.tsx(321,60): error TS2304: Cannot find name 'styles'.
src/screens/MaisScreen.tsx(322,24): error TS2304: Cannot find name 'styles'.
src/screens/MaisScreen.tsx(325,44): error TS2304: Cannot find name 'styles'.
src/screens/MaisScreen.tsx(326,24): error TS2304: Cannot find name 'styles'.
src/screens/MaisScreen.tsx(329,44): error TS2304: Cannot find name 'styles'.
src/screens/MaisScreen.tsx(329,58): error TS2304: Cannot find name 'styles'.
src/screens/MaisScreen.tsx(331,24): error TS2304: Cannot find name 'styles'.
src/screens/MaisScreen.tsx(332,88): error TS2304: Cannot find name 'styles'.
src/screens/MaisScreen.tsx(333,24): error TS2304: Cannot find name 'styles'.
src/screens/MaisScreen.tsx(334,90): error TS2304: Cannot find name 'styles'.
src/screens/MaisScreen.tsx(336,24): error TS2304: Cannot find name 'styles'.
src/screens/MaisScreen.tsx(337,26): error TS2304: Cannot find name 'styles'.
src/screens/MaisScreen.tsx(338,65): error TS2304: Cannot find name 'colors'.
src/screens/MaisScreen.tsx(339,28): error TS2304: Cannot find name 'styles'.
src/screens/MaisScreen.tsx(341,27): error TS2304: Cannot find name 'styles'.
src/screens/MaisScreen.tsx(341,56): error TS2304: Cannot find name 'colors'.
src/screens/MaisScreen.tsx(344,26): error TS2304: Cannot find name 'styles'.
src/screens/MaisScreen.tsx(349,24): error TS2304: Cannot find name 'styles'.
src/screens/MaisScreen.tsx(350,26): error TS2304: Cannot find name 'styles'.
src/screens/MaisScreen.tsx(351,65): error TS2304: Cannot find name 'colors'.
src/screens/MaisScreen.tsx(352,28): error TS2304: Cannot find name 'styles'.
src/screens/MaisScreen.tsx(354,26): error TS2304: Cannot find name 'styles'.
src/screens/MaisScreen.tsx(355,26): error TS2304: Cannot find name 'styles'.
src/screens/MaisScreen.tsx(360,24): error TS2304: Cannot find name 'styles'.
src/screens/MaisScreen.tsx(408,28): error TS2304: Cannot find name 'styles'.
src/screens/MaisScreen.tsx(409,22): error TS2304: Cannot find name 'styles'.
src/screens/MaisScreen.tsx(410,60): error TS2304: Cannot find name 'styles'.
src/screens/MaisScreen.tsx(411,24): error TS2304: Cannot find name 'styles'.
src/screens/MaisScreen.tsx(413,47): error TS2304: Cannot find name 'colors'.
src/screens/MaisScreen.tsx(416,44): error TS2304: Cannot find name 'styles'.
src/screens/MaisScreen.tsx(418,26): error TS2304: Cannot find name 'styles'.
src/screens/MaisScreen.tsx(419,28): error TS2304: Cannot find name 'styles'.
src/screens/MaisScreen.tsx(420,69): error TS2304: Cannot find name 'styles'.
src/screens/MaisScreen.tsx(421,28): error TS2304: Cannot find name 'styles'.
src/screens/MaisScreen.tsx(422,28): error TS2304: Cannot find name 'styles'.
src/screens/MaisScreen.tsx(426,29): error TS2304: Cannot find name 'styles'.
src/screens/MaisScreen.tsx(426,81): error TS2304: Cannot find name 'styles'.
src/screens/MaisScreen.tsx(432,43): error TS2304: Cannot find name 'styles'.
src/screens/MaisScreen.tsx(432,61): error TS2304: Cannot find name 'styles'.
src/screens/MaisScreen.tsx(433,32): error TS2304: Cannot find name 'styles'.
src/screens/MaisScreen.tsx(435,43): error TS2304: Cannot find name 'styles'.
src/screens/MaisScreen.tsx(435,61): error TS2304: Cannot find name 'styles'.
src/screens/MaisScreen.tsx(436,33): error TS2304: Cannot find name 'styles'.
src/screens/MaisScreen.tsx(444,24): error TS2304: Cannot find name 'styles'.
src/screens/MaisScreen.tsx(450,30): error TS2304: Cannot find name 'styles'.
src/screens/MaisScreen.tsx(451,63): error TS2304: Cannot find name 'colors'.
src/screens/MaisScreen.tsx(456,26): error TS2304: Cannot find name 'styles'.
src/screens/MaisScreen.tsx(515,28): error TS2304: Cannot find name 'styles'.
src/screens/MaisScreen.tsx(516,22): error TS2304: Cannot find name 'styles'.
src/screens/MaisScreen.tsx(517,60): error TS2304: Cannot find name 'styles'.
src/screens/MaisScreen.tsx(518,24): error TS2304: Cannot find name 'styles'.
src/screens/MaisScreen.tsx(521,44): error TS2304: Cannot find name 'styles'.
src/screens/MaisScreen.tsx(522,24): error TS2304: Cannot find name 'styles'.
src/screens/MaisScreen.tsx(523,60): error TS2304: Cannot find name 'colors'.
src/screens/MaisScreen.tsx(525,28): error TS2304: Cannot find name 'styles'.
src/screens/MaisScreen.tsx(526,28): error TS2304: Cannot find name 'styles'.
src/screens/MaisScreen.tsx(533,24): error TS2304: Cannot find name 'styles'.
src/screens/MaisScreen.tsx(534,38): error TS2304: Cannot find name 'styles'.
src/screens/MaisScreen.tsx(535,28): error TS2304: Cannot find name 'styles'.
src/screens/MaisScreen.tsx(536,62): error TS2304: Cannot find name 'colors'.
src/screens/MaisScreen.tsx(538,28): error TS2304: Cannot find name 'styles'.
src/screens/MaisScreen.tsx(539,61): error TS2304: Cannot find name 'colors'.
src/screens/MaisScreen.tsx(542,27): error TS2304: Cannot find name 'styles'.
src/screens/MaisScreen.tsx(542,39): error TS2304: Cannot find name 'styles'.
src/screens/MaisScreen.tsx(543,28): error TS2304: Cannot find name 'styles'.
src/screens/MaisScreen.tsx(544,68): error TS2304: Cannot find name 'colors'.
src/screens/MaisScreen.tsx(547,30): error TS2304: Cannot find name 'styles'.
src/screens/MaisScreen.tsx(548,30): error TS2304: Cannot find name 'styles'.
src/screens/MaisScreen.tsx(554,37): error TS2304: Cannot find name 'colors'.
src/screens/MaisScreen.tsx(554,60): error TS2304: Cannot find name 'colors'.
src/screens/MaisScreen.tsx(559,36): error TS2304: Cannot find name 'styles'.
src/screens/MaisScreen.tsx(560,57): error TS2304: Cannot find name 'colors'.
src/screens/MaisScreen.tsx(561,26): error TS2304: Cannot find name 'styles'.
src/screens/MaisScreen.tsx(605,28): error TS2304: Cannot find name 'styles'.
src/screens/MaisScreen.tsx(606,22): error TS2304: Cannot find name 'styles'.
src/screens/MaisScreen.tsx(607,60): error TS2304: Cannot find name 'styles'.
src/screens/MaisScreen.tsx(608,24): error TS2304: Cannot find name 'styles'.
src/screens/MaisScreen.tsx(611,23): error TS2304: Cannot find name 'styles'.
src/screens/MaisScreen.tsx(672,28): error TS2304: Cannot find name 'styles'.
src/screens/MaisScreen.tsx(673,22): error TS2304: Cannot find name 'styles'.
src/screens/MaisScreen.tsx(674,60): error TS2304: Cannot find name 'styles'.
src/screens/MaisScreen.tsx(675,24): error TS2304: Cannot find name 'styles'.
src/screens/MaisScreen.tsx(678,44): error TS2304: Cannot find name 'styles'.
src/screens/MaisScreen.tsx(679,24): error TS2304: Cannot find name 'styles'.
src/screens/MaisScreen.tsx(680,66): error TS2304: Cannot find name 'colors'.
src/screens/MaisScreen.tsx(682,28): error TS2304: Cannot find name 'styles'.
src/screens/MaisScreen.tsx(683,28): error TS2304: Cannot find name 'styles'.
src/screens/MaisScreen.tsx(690,24): error TS2304: Cannot find name 'styles'.
src/screens/MaisScreen.tsx(691,59): error TS2304: Cannot find name 'colors'.
src/screens/MaisScreen.tsx(693,28): error TS2304: Cannot find name 'styles'.
src/screens/MaisScreen.tsx(694,28): error TS2304: Cannot find name 'styles'.
src/screens/MaisScreen.tsx(701,37): error TS2304: Cannot find name 'styles'.
src/screens/MaisScreen.tsx(701,55): error TS2304: Cannot find name 'styles'.
src/screens/MaisScreen.tsx(703,27): error TS2304: Cannot find name 'styles'.
src/screens/MaisScreen.tsx(706,37): error TS2304: Cannot find name 'styles'.
src/screens/MaisScreen.tsx(706,55): error TS2304: Cannot find name 'styles'.
src/screens/MaisScreen.tsx(707,69): error TS2304: Cannot find name 'colors'.
src/screens/MaisScreen.tsx(708,27): error TS2304: Cannot find name 'styles'.
src/screens/MaisScreen.tsx(711,35): error TS2304: Cannot find name 'styles'.
src/screens/MaisScreen.tsx(721,28): error TS2304: Cannot find name 'styles'.
src/screens/MaisScreen.tsx(722,22): error TS2304: Cannot find name 'styles'.
src/screens/MaisScreen.tsx(723,60): error TS2304: Cannot find name 'styles'.
src/screens/MaisScreen.tsx(724,24): error TS2304: Cannot find name 'styles'.
src/screens/MaisScreen.tsx(727,44): error TS2304: Cannot find name 'styles'.
src/screens/MaisScreen.tsx(728,24): error TS2304: Cannot find name 'styles'.
src/screens/MaisScreen.tsx(729,50): error TS2304: Cannot find name 'colors'.
src/screens/MaisScreen.tsx(731,24): error TS2304: Cannot find name 'styles'.
src/screens/MaisScreen.tsx(732,24): error TS2304: Cannot find name 'styles'.
src/screens/MaisScreen.tsx(733,24): error TS2304: Cannot find name 'styles'.
src/screens/MaisScreen.tsx(736,24): error TS2304: Cannot find name 'styles'.
src/services/notifications.ts(44,74): error TS18048: 'item.diaVencimento' is possibly 'undefined'.
